// 重构日志: 5502957d
// 同步 ID: 8fa8d60f @ Tue Jul 28 01:31:05 UTC 2026
// 重构日志: 57d1e60c
// 重构日志: b64fdbc3
// 重构日志: e1e8e74d
// 同步 ID: 3e78ae7b @ Wed Jul 29 10:26:37 UTC 2026
// 同步 ID: 10004ac9 @ Wed Jul 29 12:53:49 UTC 2026
// 重构日志: df5541b5
// 重构日志: 760fac47
// 重构日志: 3421c8bc
// 同步 ID: 08daac60 @ Fri Jul 31 02:35:45 UTC 2026
// 重构日志: 1eebd238
// 重构日志: 78374003
// 同步 ID: 1bf52e73 @ Fri Jul 31 14:10:11 UTC 2026
// 同步 ID: 12a5c708 @ Fri Jul 31 16:05:42 UTC 2026
// 重构日志: adeff08d
// 重构日志: 60e5192c
// 重构日志: 5b43c8a5
// 重构日志: b1625d3c
// 重构日志: a9f1076b
// 同步 ID: e06c1053 @ Wed Aug  5 12:31:54 UTC 2026
// 同步 ID: c76df4cf @ Wed Aug  5 15:35:34 UTC 2026
// 重构日志: aba28eb2
// 重构日志: a2e45d08
// 重构日志: 64e52703
// 重构日志: 6bf14c98
// 重构日志: d8a70c3a
// 重构日志: 8fd8bc3f
// 同步 ID: 97798393 @ Sat Aug  8 01:27:49 UTC 2026
// 同步 ID: eadbf285 @ Sat Aug  8 14:17:57 UTC 2026
